{
  "security": {"symbol": "AAPL", "mic": "XNAS"},
  "lines": [
    {"key": "revenue", "value": {"scaled": 119870000000000, "scale": 2}, "currency_code": "USD", "period_start": "2025-03-30T00:00:00Z", "period_end": "2025-06-29T00:00:00Z"},
    {"key": "net_income", "value": {"scaled": 2386000000000, "scale": 2}, "currency_code": "USD", "period_start": "2025-03-30T00:00:00Z", "period_end": "2025-06-29T00:00:00Z"},
    {"key": "eps_basic", "value": {"scaled": 1525, "scale": 2}, "currency_code": "USD", "period_start": "2025-03-30T00:00:00Z", "period_end": "2025-06-29T00:00:00Z"}
  ],
  "source": "yfinance",
  "as_of": "2025-08-01T00:00:00Z",
  "meta": {
    "run_id": "golden_fund_v1",
    "source": "yfinance-go",
    "producer": "local",
    "schema_version": "ampy.fundamentals.v1:1.0.0"
  }
}
