{
  "security": {"symbol": "AAPL", "mic": "XNAS"},
  "bars": [
    {
      "start": "2024-01-02T00:00:00Z",
      "end":   "2024-01-03T00:00:00Z",
      "open":  {"scaled": 1892300, "scale": 4},
      "high":  {"scaled": 1910000, "scale": 4},
      "low":   {"scaled": 1889000, "scale": 4},
      "close": {"scaled": 1904500, "scale": 4},
      "volume": 43210000,
      "adjusted": false,
      "adjustment_policy_id": "raw",
      "event_time": "2024-01-03T00:00:00Z",
      "ingest_time": "2024-01-03T00:00:01Z",
      "as_of": "2024-01-03T00:00:00Z"
    }
  ],
  "meta": {
    "run_id": "golden_bars_v1",
    "source": "yfinance-go",
    "producer": "local",
    "schema_version": "ampy.bars.v1:1.0.0"
  }
}
