{
  "security": {"symbol": "7203", "mic": "XTKS"},
  "bars": [
    {
      "start": "2024-01-02T00:00:00Z",
      "end":   "2024-01-03T00:00:00Z",
      "open":  {"scaled": 2710000, "scale": 2},
      "high":  {"scaled": 2755000, "scale": 2},
      "low":   {"scaled": 2705000, "scale": 2},
      "close": {"scaled": 2748000, "scale": 2},
      "volume": 1200000,
      "adjusted": true,
      "adjustment_policy_id": "split_dividend",
      "event_time": "2024-01-03T00:00:00Z",
      "ingest_time": "2024-01-03T00:00:01Z",
      "as_of": "2024-01-03T00:00:00Z"
    }
  ],
  "meta": {
    "run_id": "golden_bars_v1",
    "source": "yfinance-go",
    "producer": "local",
    "schema_version": "ampy.bars.v1:1.0.0"
  }
}
